// Jest Snapshot v1, https://goo.gl/fbAQLP

exports[`renders correctly with defaults 1`] = `
<View
  style={
    Object {
      "flex": 1,
    }
  }
>
  <TextInput
    allowFontScaling={true}
    autoCorrect={false}
    onChangeText={[Function]}
    placeholder="Filter countries"
    rejectResponderTermination={true}
    style={
      Array [
        Object {
          "marginBottom": 25,
        },
        Object {
          "borderColor": "grey",
          "borderRadius": 4,
          "borderWidth": 0.5,
          "fontSize": 17,
          "height": 50,
          "marginTop": 10,
          "paddingHorizontal": 10,
        },
      ]
    }
    underlineColorAndroid="transparent"
    value=""
  />
  <View
    style={
      Object {
        "flexDirection": "row",
        "justifyContent": "space-between",
      }
    }
  >
    <View
      style={
        Object {
          "flex": 1,
        }
      }
    >
      <Text
        style={
          Object {
            "fontSize": 20,
          }
        }
      >
        Country:
      </Text>
      <View
        style={
          Array [
            Object {
              "marginBottom": 25,
            },
            Object {
              "borderColor": "grey",
              "borderRadius": 4,
              "borderWidth": 0.5,
              "marginTop": 10,
            },
          ]
        }
      >
        <View>
          <RNCPicker
            items={
              Array [
                Object {
                  "label": "Select country",
                  "textColor": undefined,
                  "value": "",
                },
              ]
            }
            onChange={[Function]}
            selectedIndex={0}
            style={
              Array [
                Object {
                  "height": 216,
                },
                Object {
                  "height": 110,
                },
              ]
            }
          />
        </View>
      </View>
    </View>
    <View
      style={
        Object {
          "marginLeft": 20,
          "width": 150,
        }
      }
    >
      <Text
        style={
          Object {
            "fontSize": 20,
          }
        }
      >
        Code:
      </Text>
      <View
        style={
          Array [
            Object {
              "marginBottom": 25,
            },
            Object {
              "borderColor": "grey",
              "borderRadius": 4,
              "borderWidth": 0.5,
              "marginTop": 10,
            },
          ]
        }
      >
        <Text
          style={
            Object {
              "fontSize": 20,
              "paddingVertical": 11.5,
              "textAlign": "center",
              "width": 150,
            }
          }
        >
          N/A
        </Text>
      </View>
    </View>
  </View>
</View>
`;
