// Jest Snapshot v1, https://goo.gl/fbAQLP

exports[`renders correctly with defaults 1`] = `
<View
  style={
    Object {
      "flex": 1,
      "flexDirection": "row",
      "justifyContent": "space-between",
    }
  }
>
  <View
    style={
      Object {
        "flex": 1,
      }
    }
  >
    <Text
      style={
        Object {
          "fontSize": 20,
        }
      }
    >
      Country:
    </Text>
    <TextInput
      allowFontScaling={true}
      maxLength={30}
      onChangeText={[Function]}
      placeholder="Type your country"
      rejectResponderTermination={true}
      style={
        Array [
          Object {
            "marginBottom": 25,
          },
          Object {
            "borderColor": "grey",
            "borderWidth": 1,
            "fontSize": 17,
            "height": 50,
            "marginTop": 10,
            "padding": 10,
          },
        ]
      }
      underlineColorAndroid="transparent"
      value=""
    />
  </View>
  <View
    style={
      Object {
        "marginLeft": 20,
        "width": 150,
      }
    }
  >
    <Text
      style={
        Object {
          "fontSize": 20,
        }
      }
    >
      Code:
    </Text>
    <TextInput
      allowFontScaling={true}
      maxLength={30}
      onChangeText={[Function]}
      placeholder="Type your code"
      rejectResponderTermination={true}
      style={
        Array [
          Object {
            "marginBottom": 25,
          },
          Object {
            "borderColor": "grey",
            "borderWidth": 1,
            "fontSize": 17,
            "height": 50,
            "marginTop": 10,
            "padding": 10,
          },
        ]
      }
      underlineColorAndroid="transparent"
      value=""
    />
  </View>
</View>
`;
